{"index":1,"term":1,"command":{"order_id":71,"symbol":"SOL-USDT","side":"BUY","qty":8,"status":"FILLED","filled_qty":3,"processed_by":"S2-2","term":1}}
{"index":2,"term":1,"command":{"order_id":72,"symbol":"ETH-USDT","side":"SELL","qty":4,"status":"REJECTED","filled_qty":0,"processed_by":"S2-2","term":1}}
{"index":3,"term":1,"command":{"order_id":73,"symbol":"ETH-USDT","side":"SELL","qty":2,"status":"REJECTED","filled_qty":0,"processed_by":"S2-2","term":1}}
{"index":4,"term":1,"command":{"order_id":74,"symbol":"ETH-USDT","side":"SELL","qty":6,"status":"REJECTED","filled_qty":0,"processed_by":"S2-2","term":1}}
{"index":5,"term":1,"command":{"order_id":75,"symbol":"BTC-USDT","side":"SELL","qty":9,"status":"FILLED","filled_qty":9,"processed_by":"S2-2","term":1}}
{"index":6,"term":1,"command":{"order_id":76,"symbol":"ETH-USDT","side":"SELL","qty":7,"status":"REJECTED","filled_qty":0,"processed_by":"S2-2","term":1}}
{"index":7,"term":1,"command":{"order_id":77,"symbol":"ETH-USDT","side":"BUY","qty":10,"status":"REJECTED","filled_qty":0,"processed_by":"S2-2","term":1}}
{"index":8,"term":1,"command":{"order_id":78,"symbol":"ETH-USDT","side":"BUY","qty":1,"status":"FILLED","filled_qty":1,"processed_by":"S2-2","term":1}}
{"index":9,"term":1,"command":{"order_id":79,"symbol":"SOL-USDT","side":"BUY","qty":5,"status":"FILLED","filled_qty":4,"processed_by":"S2-2","term":1}}
{"index":10,"term":1,"command":{"order_id":80,"symbol":"ETH-USDT","side":"SELL","qty":9,"status":"FILLED","filled_qty":8,"processed_by":"S2-2","term":1}}
{"index":11,"term":1,"command":{"order_id":81,"symbol":"SOL-USDT","side":"BUY","qty":3,"status":"PARTIALLY_FILLED","filled_qty":3,"processed_by":"S2-2","term":1}}
{"index":12,"term":1,"command":{"order_id":82,"symbol":"SOL-USDT","side":"BUY","qty":8,"status":"PARTIALLY_FILLED","filled_qty":7,"processed_by":"S2-2","term":1}}
{"index":13,"term":1,"command":{"order_id":83,"symbol":"ETH-USDT","side":"SELL","qty":7,"status":"FILLED","filled_qty":5,"processed_by":"S2-2","term":1}}
{"index":14,"term":1,"command":{"order_id":84,"symbol":"BTC-USDT","side":"SELL","qty":10,"status":"FILLED","filled_qty":9,"processed_by":"S2-2","term":1}}
{"index":15,"term":1,"command":{"order_id":85,"symbol":"SOL-USDT","side":"SELL","qty":8,"status":"REJECTED","filled_qty":0,"processed_by":"S2-2","term":1}}
{"index":16,"term":1,"command":{"order_id":86,"symbol":"ETH-USDT","side":"SELL","qty":4,"status":"REJECTED","filled_qty":0,"processed_by":"S2-2","term":1}}
{"index":17,"term":1,"command":{"order_id":87,"symbol":"ETH-USDT","side":"BUY","qty":7,"status":"PARTIALLY_FILLED","filled_qty":4,"processed_by":"S2-2","term":1}}
{"index":18,"term":1,"command":{"order_id":88,"symbol":"ETH-USDT","side":"BUY","qty":2,"status":"PARTIALLY_FILLED","filled_qty":1,"processed_by":"S2-2","term":1}}
{"index":19,"term":1,"command":{"order_id":89,"symbol":"ETH-USDT","side":"SELL","qty":2,"status":"FILLED","filled_qty":2,"processed_by":"S2-2","term":1}}
{"index":20,"term":1,"command":{"order_id":90,"symbol":"ETH-USDT","side":"BUY","qty":10,"status":"FILLED","filled_qty":7,"processed_by":"S2-2","term":1}}
{"index":21,"term":1,"command":{"order_id":91,"symbol":"SOL-USDT","side":"SELL","qty":10,"status":"REJECTED","filled_qty":0,"processed_by":"S2-2","term":1}}
{"index":22,"term":1,"command":{"order_id":92,"symbol":"BTC-USDT","side":"BUY","qty":5,"status":"FILLED","filled_qty":4,"processed_by":"S2-2","term":1}}
{"index":23,"term":1,"command":{"order_id":93,"symbol":"SOL-USDT","side":"SELL","qty":9,"status":"REJECTED","filled_qty":0,"processed_by":"S2-2","term":1}}
{"index":24,"term":1,"command":{"order_id":94,"symbol":"BTC-USDT","side":"BUY","qty":9,"status":"PARTIALLY_FILLED","filled_qty":2,"processed_by":"S2-2","term":1}}
{"index":25,"term":1,"command":{"order_id":95,"symbol":"BTC-USDT","side":"SELL","qty":4,"status":"REJECTED","filled_qty":0,"processed_by":"S2-2","term":1}}
{"index":26,"term":1,"command":{"order_id":96,"symbol":"SOL-USDT","side":"BUY","qty":4,"status":"FILLED","filled_qty":4,"processed_by":"S2-2","term":1}}
{"index":27,"term":1,"command":{"order_id":97,"symbol":"BTC-USDT","side":"SELL","qty":3,"status":"PARTIALLY_FILLED","filled_qty":2,"processed_by":"S2-2","term":1}}
{"index":28,"term":1,"command":{"order_id":98,"symbol":"BTC-USDT","side":"BUY","qty":2,"status":"PARTIALLY_FILLED","filled_qty":2,"processed_by":"S2-2","term":1}}
{"index":29,"term":1,"command":{"order_id":99,"symbol":"BTC-USDT","side":"BUY","qty":2,"status":"PARTIALLY_FILLED","filled_qty":1,"processed_by":"S2-2","term":1}}
{"index":30,"term":1,"command":{"order_id":100,"symbol":"ETH-USDT","side":"BUY","qty":4,"status":"FILLED","filled_qty":2,"processed_by":"S2-2","term":1}}
{"index":31,"term":1,"command":{"order_id":101,"symbol":"ETH-USDT","side":"SELL","qty":10,"status":"PARTIALLY_FILLED","filled_qty":2,"processed_by":"S2-2","term":1}}
{"index":32,"term":1,"command":{"order_id":102,"symbol":"SOL-USDT","side":"SELL","qty":1,"status":"PARTIALLY_FILLED","filled_qty":1,"processed_by":"S2-2","term":1}}
{"index":33,"term":1,"command":{"order_id":103,"symbol":"BTC-USDT","side":"BUY","qty":7,"status":"REJECTED","filled_qty":0,"processed_by":"S2-2","term":1}}
{"index":34,"term":1,"command":{"order_id":104,"symbol":"SOL-USDT","side":"BUY","qty":2,"status":"PARTIALLY_FILLED","filled_qty":2,"processed_by":"S2-2","term":1}}
{"index":35,"term":1,"command":{"order_id":105,"symbol":"SOL-USDT","side":"SELL","qty":4,"status":"FILLED","filled_qty":1,"processed_by":"S2-2","term":1}}
{"index":36,"term":1,"command":{"order_id":106,"symbol":"BTC-USDT","side":"SELL","qty":10,"status":"REJECTED","filled_qty":0,"processed_by":"S2-2","term":1}}
{"index":37,"term":1,"command":{"order_id":107,"symbol":"BTC-USDT","side":"SELL","qty":8,"status":"REJECTED","filled_qty":0,"processed_by":"S2-2","term":1}}
{"index":38,"term":1,"command":{"order_id":108,"symbol":"BTC-USDT","side":"BUY","qty":10,"status":"FILLED","filled_qty":2,"processed_by":"S2-2","term":1}}
{"index":39,"term":1,"command":{"order_id":109,"symbol":"BTC-USDT","side":"BUY","qty":4,"status":"REJECTED","filled_qty":0,"processed_by":"S2-2","term":1}}
{"index":40,"term":1,"command":{"order_id":110,"symbol":"SOL-USDT","side":"BUY","qty":2,"status":"PARTIALLY_FILLED","filled_qty":2,"processed_by":"S2-2","term":1}}
{"index":41,"term":1,"command":{"order_id":111,"symbol":"BTC-USDT","side":"BUY","qty":4,"status":"PARTIALLY_FILLED","filled_qty":1,"processed_by":"S2-2","term":1}}
{"index":42,"term":1,"command":{"order_id":112,"symbol":"ETH-USDT","side":"BUY","qty":5,"status":"REJECTED","filled_qty":0,"processed_by":"S2-2","term":1}}
{"index":43,"term":1,"command":{"order_id":113,"symbol":"ETH-USDT","side":"BUY","qty":6,"status":"FILLED","filled_qty":1,"processed_by":"S2-2","term":1}}
{"index":44,"term":1,"command":{"order_id":114,"symbol":"SOL-USDT","side":"BUY","qty":6,"status":"REJECTED","filled_qty":0,"processed_by":"S2-2","term":1}}
{"index":45,"term":1,"command":{"order_id":115,"symbol":"BTC-USDT","side":"SELL","qty":3,"status":"PARTIALLY_FILLED","filled_qty":3,"processed_by":"S2-2","term":1}}
{"index":46,"term":1,"command":{"order_id":116,"symbol":"SOL-USDT","side":"BUY","qty":5,"status":"REJECTED","filled_qty":0,"processed_by":"S2-2","term":1}}
{"index":47,"term":1,"command":{"order_id":117,"symbol":"BTC-USDT","side":"SELL","qty":10,"status":"FILLED","filled_qty":8,"processed_by":"S2-2","term":1}}
{"index":48,"term":1,"command":{"order_id":118,"symbol":"BTC-USDT","side":"SELL","qty":5,"status":"PARTIALLY_FILLED","filled_qty":1,"processed_by":"S2-2","term":1}}
{"index":49,"term":1,"command":{"order_id":119,"symbol":"BTC-USDT","side":"SELL","qty":5,"status":"FILLED","filled_qty":4,"processed_by":"S2-2","term":1}}
{"index":50,"term":1,"command":{"order_id":120,"symbol":"ETH-USDT","side":"BUY","qty":8,"status":"PARTIALLY_FILLED","filled_qty":8,"processed_by":"S2-2","term":1}}
{"index":51,"term":1,"command":{"order_id":121,"symbol":"BTC-USDT","side":"BUY","qty":5,"status":"FILLED","filled_qty":3,"processed_by":"S2-2","term":1}}
{"index":52,"term":1,"command":{"order_id":122,"symbol":"BTC-USDT","side":"BUY","qty":3,"status":"FILLED","filled_qty":3,"processed_by":"S2-2","term":1}}
{"index":53,"term":1,"command":{"order_id":123,"symbol":"SOL-USDT","side":"SELL","qty":6,"status":"REJECTED","filled_qty":0,"processed_by":"S2-2","term":1}}
{"index":54,"term":2,"command":{"order_id":124,"symbol":"ETH-USDT","side":"BUY","qty":6,"status":"PARTIALLY_FILLED","filled_qty":3,"processed_by":"S2-1","term":2}}
{"index":55,"term":2,"command":{"order_id":125,"symbol":"BTC-USDT","side":"BUY","qty":10,"status":"PARTIALLY_FILLED","filled_qty":9,"processed_by":"S2-1","term":2}}
{"index":56,"term":2,"command":{"order_id":126,"symbol":"SOL-USDT","side":"BUY","qty":5,"status":"REJECTED","filled_qty":0,"processed_by":"S2-1","term":2}}
{"index":57,"term":2,"command":{"order_id":127,"symbol":"SOL-USDT","side":"SELL","qty":5,"status":"REJECTED","filled_qty":0,"processed_by":"S2-1","term":2}}
{"index":58,"term":2,"command":{"order_id":128,"symbol":"SOL-USDT","side":"SELL","qty":7,"status":"REJECTED","filled_qty":0,"processed_by":"S2-1","term":2}}
{"index":59,"term":2,"command":{"order_id":129,"symbol":"SOL-USDT","side":"BUY","qty":4,"status":"PARTIALLY_FILLED","filled_qty":1,"processed_by":"S2-1","term":2}}
{"index":60,"term":2,"command":{"order_id":130,"symbol":"SOL-USDT","side":"SELL","qty":2,"status":"PARTIALLY_FILLED","filled_qty":1,"processed_by":"S2-1","term":2}}
{"index":61,"term":2,"command":{"order_id":131,"symbol":"ETH-USDT","side":"SELL","qty":5,"status":"PARTIALLY_FILLED","filled_qty":3,"processed_by":"S2-1","term":2}}
{"index":62,"term":2,"command":{"order_id":132,"symbol":"ETH-USDT","side":"SELL","qty":8,"status":"FILLED","filled_qty":4,"processed_by":"S2-1","term":2}}
{"index":63,"term":2,"command":{"order_id":133,"symbol":"BTC-USDT","side":"BUY","qty":5,"status":"FILLED","filled_qty":4,"processed_by":"S2-1","term":2}}
{"index":64,"term":40,"command":{"order_id":1,"symbol":"ETH-USDT","side":"SELL","qty":10,"status":"PARTIALLY_FILLED","filled_qty":7,"processed_by":"S2-1","term":40}}
{"index":65,"term":42,"command":{"order_id":3,"symbol":"ETH-USDT","side":"BUY","qty":4,"status":"PARTIALLY_FILLED","filled_qty":2,"processed_by":"S2-1","term":42}}
{"index":66,"term":44,"command":{"order_id":5,"symbol":"ETH-USDT","side":"BUY","qty":2,"status":"FILLED","filled_qty":2,"processed_by":"S2-1","term":44}}
