{"index":1,"term":9,"command":{"order_id":41,"symbol":"BTC-USDT","side":"SELL","qty":5,"status":"FILLED","filled_qty":5,"processed_by":"Yousuf (S2-3)","term":9}}
{"index":2,"term":9,"command":{"order_id":42,"symbol":"BTC-USDT","side":"BUY","qty":8,"status":"REJECTED","filled_qty":0,"processed_by":"Yousuf (S2-3)","term":9}}
{"index":3,"term":9,"command":{"order_id":43,"symbol":"BTC-USDT","side":"SELL","qty":7,"status":"PARTIALLY_FILLED","filled_qty":3,"processed_by":"Yousuf (S2-3)","term":9}}
{"index":4,"term":9,"command":{"order_id":44,"symbol":"ETH-USDT","side":"BUY","qty":4,"status":"REJECTED","filled_qty":0,"processed_by":"Yousuf (S2-3)","term":9}}
{"index":5,"term":9,"command":{"order_id":45,"symbol":"ETH-USDT","side":"BUY","qty":4,"status":"REJECTED","filled_qty":0,"processed_by":"Yousuf (S2-3)","term":9}}
{"index":6,"term":9,"command":{"order_id":46,"symbol":"BTC-USDT","side":"BUY","qty":7,"status":"PARTIALLY_FILLED","filled_qty":7,"processed_by":"Yousuf (S2-3)","term":9}}
{"index":7,"term":9,"command":{"order_id":47,"symbol":"ETH-USDT","side":"BUY","qty":10,"status":"REJECTED","filled_qty":0,"processed_by":"Yousuf (S2-3)","term":9}}
{"index":8,"term":9,"command":{"order_id":48,"symbol":"ETH-USDT","side":"SELL","qty":5,"status":"PARTIALLY_FILLED","filled_qty":2,"processed_by":"Yousuf (S2-3)","term":9}}
{"index":9,"term":9,"command":{"order_id":49,"symbol":"BTC-USDT","side":"BUY","qty":5,"status":"FILLED","filled_qty":4,"processed_by":"Yousuf (S2-3)","term":9}}
{"index":10,"term":9,"command":{"order_id":50,"symbol":"SOL-USDT","side":"BUY","qty":10,"status":"FILLED","filled_qty":9,"processed_by":"Yousuf (S2-3)","term":9}}
{"index":11,"term":9,"command":{"order_id":51,"symbol":"BTC-USDT","side":"BUY","qty":10,"status":"PARTIALLY_FILLED","filled_qty":2,"processed_by":"Yousuf (S2-3)","term":9}}
{"index":12,"term":9,"command":{"order_id":52,"symbol":"BTC-USDT","side":"BUY","qty":8,"status":"PARTIALLY_FILLED","filled_qty":2,"processed_by":"Yousuf (S2-3)","term":9}}
{"index":13,"term":9,"command":{"order_id":53,"symbol":"ETH-USDT","side":"BUY","qty":6,"status":"REJECTED","filled_qty":0,"processed_by":"Yousuf (S2-3)","term":9}}
{"index":14,"term":9,"command":{"order_id":54,"symbol":"ETH-USDT","side":"BUY","qty":1,"status":"FILLED","filled_qty":1,"processed_by":"Yousuf (S2-3)","term":9}}
{"index":15,"term":9,"command":{"order_id":55,"symbol":"BTC-USDT","side":"SELL","qty":6,"status":"REJECTED","filled_qty":0,"processed_by":"Yousuf (S2-3)","term":9}}
{"index":16,"term":9,"command":{"order_id":56,"symbol":"SOL-USDT","side":"BUY","qty":5,"status":"FILLED","filled_qty":4,"processed_by":"Yousuf (S2-3)","term":9}}
{"index":17,"term":9,"command":{"order_id":57,"symbol":"SOL-USDT","side":"BUY","qty":6,"status":"FILLED","filled_qty":3,"processed_by":"Yousuf (S2-3)","term":9}}
{"index":18,"term":9,"command":{"order_id":58,"symbol":"ETH-USDT","side":"SELL","qty":2,"status":"FILLED","filled_qty":1,"processed_by":"Yousuf (S2-3)","term":9}}
{"index":19,"term":9,"command":{"order_id":59,"symbol":"ETH-USDT","side":"SELL","qty":8,"status":"REJECTED","filled_qty":0,"processed_by":"Yousuf (S2-3)","term":9}}
{"index":20,"term":9,"command":{"order_id":60,"symbol":"BTC-USDT","side":"SELL","qty":6,"status":"PARTIALLY_FILLED","filled_qty":6,"processed_by":"Yousuf (S2-3)","term":9}}
{"index":21,"term":9,"command":{"order_id":61,"symbol":"ETH-USDT","side":"BUY","qty":8,"status":"REJECTED","filled_qty":0,"processed_by":"Yousuf (S2-3)","term":9}}
{"index":22,"term":4,"command":{"order_id":144,"symbol":"SOL-USDT","side":"BUY","qty":5,"status":"REJECTED","filled_qty":0,"processed_by":"Yousuf (S2-3)","term":4}}
{"index":23,"term":4,"command":{"order_id":145,"symbol":"ETH-USDT","side":"BUY","qty":5,"status":"PARTIALLY_FILLED","filled_qty":5,"processed_by":"Yousuf (S2-3)","term":4}}
{"index":24,"term":4,"command":{"order_id":146,"symbol":"SOL-USDT","side":"SELL","qty":10,"status":"FILLED","filled_qty":5,"processed_by":"Yousuf (S2-3)","term":4}}
{"index":25,"term":4,"command":{"order_id":147,"symbol":"BTC-USDT","side":"BUY","qty":2,"status":"PARTIALLY_FILLED","filled_qty":2,"processed_by":"Yousuf (S2-3)","term":4}}
{"index":26,"term":4,"command":{"order_id":148,"symbol":"BTC-USDT","side":"SELL","qty":8,"status":"PARTIALLY_FILLED","filled_qty":8,"processed_by":"Yousuf (S2-3)","term":4}}
{"index":27,"term":4,"command":{"order_id":149,"symbol":"SOL-USDT","side":"BUY","qty":6,"status":"PARTIALLY_FILLED","filled_qty":4,"processed_by":"Yousuf (S2-3)","term":4}}
{"index":28,"term":4,"command":{"order_id":150,"symbol":"ETH-USDT","side":"BUY","qty":9,"status":"REJECTED","filled_qty":0,"processed_by":"Yousuf (S2-3)","term":4}}
{"index":29,"term":4,"command":{"order_id":151,"symbol":"ETH-USDT","side":"SELL","qty":1,"status":"FILLED","filled_qty":1,"processed_by":"Yousuf (S2-3)","term":4}}
{"index":30,"term":4,"command":{"order_id":152,"symbol":"BTC-USDT","side":"SELL","qty":4,"status":"REJECTED","filled_qty":0,"processed_by":"Yousuf (S2-3)","term":4}}
{"index":31,"term":4,"command":{"order_id":153,"symbol":"SOL-USDT","side":"BUY","qty":6,"status":"FILLED","filled_qty":5,"processed_by":"Yousuf (S2-3)","term":4}}
{"index":32,"term":4,"command":{"order_id":154,"symbol":"BTC-USDT","side":"BUY","qty":5,"status":"REJECTED","filled_qty":0,"processed_by":"Yousuf (S2-3)","term":4}}
{"index":33,"term":4,"command":{"order_id":574,"symbol":"BTC-USDT","side":"SELL","qty":1,"status":"FILLED","filled_qty":1,"processed_by":"Vivek (S2-1)","term":4}}
{"index":34,"term":4,"command":{"order_id":575,"symbol":"SOL-USDT","side":"BUY","qty":4,"status":"FILLED","filled_qty":4,"processed_by":"Vivek (S2-1)","term":4}}
{"index":35,"term":4,"command":{"order_id":576,"symbol":"BTC-USDT","side":"SELL","qty":1,"status":"REJECTED","filled_qty":0,"processed_by":"Vivek (S2-1)","term":4}}
{"index":36,"term":4,"command":{"order_id":577,"symbol":"SOL-USDT","side":"SELL","qty":4,"status":"PARTIALLY_FILLED","filled_qty":4,"processed_by":"Vivek (S2-1)","term":4}}
{"index":37,"term":4,"command":{"order_id":578,"symbol":"BTC-USDT","side":"SELL","qty":9,"status":"PARTIALLY_FILLED","filled_qty":4,"processed_by":"Vivek (S2-1)","term":4}}
{"index":38,"term":4,"command":{"order_id":579,"symbol":"SOL-USDT","side":"SELL","qty":7,"status":"FILLED","filled_qty":6,"processed_by":"Vivek (S2-1)","term":4}}
{"index":39,"term":4,"command":{"order_id":580,"symbol":"SOL-USDT","side":"SELL","qty":10,"status":"PARTIALLY_FILLED","filled_qty":10,"processed_by":"Vivek (S2-1)","term":4}}
{"index":40,"term":4,"command":{"order_id":581,"symbol":"SOL-USDT","side":"BUY","qty":8,"status":"FILLED","filled_qty":6,"processed_by":"Vivek (S2-1)","term":4}}
{"index":41,"term":4,"command":{"order_id":582,"symbol":"SOL-USDT","side":"BUY","qty":7,"status":"REJECTED","filled_qty":0,"processed_by":"Vivek (S2-1)","term":4}}
{"index":42,"term":4,"command":{"order_id":583,"symbol":"ETH-USDT","side":"BUY","qty":5,"status":"REJECTED","filled_qty":0,"processed_by":"Vivek (S2-1)","term":4}}
{"index":43,"term":4,"command":{"order_id":584,"symbol":"BTC-USDT","side":"SELL","qty":1,"status":"REJECTED","filled_qty":0,"processed_by":"Vivek (S2-1)","term":4}}
{"index":44,"term":4,"command":{"order_id":585,"symbol":"SOL-USDT","side":"SELL","qty":3,"status":"FILLED","filled_qty":2,"processed_by":"Vivek (S2-1)","term":4}}
{"index":45,"term":4,"command":{"order_id":620,"symbol":"SOL-USDT","side":"SELL","qty":4,"status":"FILLED","filled_qty":4,"processed_by":"Vivek (S2-1)","term":4}}
{"index":46,"term":4,"command":{"order_id":621,"symbol":"SOL-USDT","side":"BUY","qty":6,"status":"FILLED","filled_qty":5,"processed_by":"Vivek (S2-1)","term":4}}
{"index":47,"term":4,"command":{"order_id":622,"symbol":"SOL-USDT","side":"SELL","qty":4,"status":"PARTIALLY_FILLED","filled_qty":4,"processed_by":"Vivek (S2-1)","term":4}}
{"index":48,"term":4,"command":{"order_id":623,"symbol":"ETH-USDT","side":"SELL","qty":2,"status":"FILLED","filled_qty":1,"processed_by":"Vivek (S2-1)","term":4}}
{"index":49,"term":4,"command":{"order_id":624,"symbol":"SOL-USDT","side":"SELL","qty":9,"status":"REJECTED","filled_qty":0,"processed_by":"Vivek (S2-1)","term":4}}
{"index":50,"term":4,"command":{"order_id":625,"symbol":"ETH-USDT","side":"BUY","qty":10,"status":"FILLED","filled_qty":2,"processed_by":"Vivek (S2-1)","term":4}}
{"index":51,"term":4,"command":{"order_id":626,"symbol":"SOL-USDT","side":"SELL","qty":4,"status":"FILLED","filled_qty":2,"processed_by":"Vivek (S2-1)","term":4}}
{"index":52,"term":4,"command":{"order_id":627,"symbol":"ETH-USDT","side":"BUY","qty":7,"status":"FILLED","filled_qty":2,"processed_by":"Vivek (S2-1)","term":4}}
{"index":53,"term":4,"command":{"order_id":628,"symbol":"ETH-USDT","side":"SELL","qty":7,"status":"FILLED","filled_qty":3,"processed_by":"Vivek (S2-1)","term":4}}
{"index":54,"term":4,"command":{"order_id":629,"symbol":"SOL-USDT","side":"SELL","qty":1,"status":"PARTIALLY_FILLED","filled_qty":1,"processed_by":"Vivek (S2-1)","term":4}}
{"index":55,"term":4,"command":{"order_id":630,"symbol":"ETH-USDT","side":"BUY","qty":3,"status":"FILLED","filled_qty":2,"processed_by":"Vivek (S2-1)","term":4}}
{"index":56,"term":4,"command":{"order_id":631,"symbol":"BTC-USDT","side":"BUY","qty":3,"status":"REJECTED","filled_qty":0,"processed_by":"Vivek (S2-1)","term":4}}
{"index":57,"term":4,"command":{"order_id":632,"symbol":"BTC-USDT","side":"BUY","qty":5,"status":"PARTIALLY_FILLED","filled_qty":4,"processed_by":"Vivek (S2-1)","term":4}}
{"index":58,"term":4,"command":{"order_id":633,"symbol":"ETH-USDT","side":"BUY","qty":5,"status":"PARTIALLY_FILLED","filled_qty":5,"processed_by":"Vivek (S2-1)","term":4}}
{"index":59,"term":4,"command":{"order_id":634,"symbol":"BTC-USDT","side":"BUY","qty":5,"status":"PARTIALLY_FILLED","filled_qty":1,"processed_by":"Vivek (S2-1)","term":4}}
{"index":60,"term":4,"command":{"order_id":635,"symbol":"BTC-USDT","side":"BUY","qty":2,"status":"FILLED","filled_qty":1,"processed_by":"Vivek (S2-1)","term":4}}
{"index":61,"term":4,"command":{"order_id":636,"symbol":"BTC-USDT","side":"SELL","qty":1,"status":"FILLED","filled_qty":1,"processed_by":"Vivek (S2-1)","term":4}}
{"index":62,"term":4,"command":{"order_id":637,"symbol":"BTC-USDT","side":"SELL","qty":8,"status":"REJECTED","filled_qty":0,"processed_by":"Vivek (S2-1)","term":4}}
{"index":63,"term":4,"command":{"order_id":638,"symbol":"ETH-USDT","side":"BUY","qty":7,"status":"REJECTED","filled_qty":0,"processed_by":"Vivek (S2-1)","term":4}}
{"index":64,"term":4,"command":{"order_id":639,"symbol":"BTC-USDT","side":"SELL","qty":5,"status":"PARTIALLY_FILLED","filled_qty":2,"processed_by":"Vivek (S2-1)","term":4}}
{"index":65,"term":24,"command":{"order_id":649,"symbol":"BTC-USDT","side":"SELL","qty":5,"status":"PARTIALLY_FILLED","filled_qty":3,"processed_by":"Vivek (S2-1)","term":24}}
{"index":66,"term":24,"command":{"order_id":650,"symbol":"BTC-USDT","side":"BUY","qty":10,"status":"REJECTED","filled_qty":0,"processed_by":"Vivek (S2-1)","term":24}}
{"index":67,"term":24,"command":{"order_id":651,"symbol":"ETH-USDT","side":"BUY","qty":10,"status":"FILLED","filled_qty":2,"processed_by":"Vivek (S2-1)","term":24}}
{"index":68,"term":24,"command":{"order_id":652,"symbol":"SOL-USDT","side":"SELL","qty":9,"status":"FILLED","filled_qty":7,"processed_by":"Vivek (S2-1)","term":24}}
{"index":69,"term":31,"command":{"order_id":655,"symbol":"BTC-USDT","side":"SELL","qty":10,"status":"FILLED","filled_qty":3,"processed_by":"Yousuf (S2-3)","term":31}}
{"index":70,"term":31,"command":{"order_id":656,"symbol":"BTC-USDT","side":"SELL","qty":10,"status":"PARTIALLY_FILLED","filled_qty":2,"processed_by":"Yousuf (S2-3)","term":31}}
{"index":71,"term":31,"command":{"order_id":657,"symbol":"ETH-USDT","side":"BUY","qty":8,"status":"FILLED","filled_qty":1,"processed_by":"Yousuf (S2-3)","term":31}}
{"index":72,"term":31,"command":{"order_id":658,"symbol":"SOL-USDT","side":"SELL","qty":5,"status":"PARTIALLY_FILLED","filled_qty":3,"processed_by":"Yousuf (S2-3)","term":31}}
{"index":73,"term":31,"command":{"order_id":659,"symbol":"SOL-USDT","side":"SELL","qty":3,"status":"REJECTED","filled_qty":0,"processed_by":"Yousuf (S2-3)","term":31}}
{"index":74,"term":31,"command":{"order_id":660,"symbol":"SOL-USDT","side":"SELL","qty":8,"status":"PARTIALLY_FILLED","filled_qty":8,"processed_by":"Yousuf (S2-3)","term":31}}
{"index":75,"term":31,"command":{"order_id":661,"symbol":"ETH-USDT","side":"BUY","qty":1,"status":"FILLED","filled_qty":1,"processed_by":"Yousuf (S2-3)","term":31}}
